Microchip MPLAB XC8 Compiler V1.35 ()

Linker command line:

-W-3 --edf=C:\Program Files (x86)\Microchip\xc8\v1.35\dat\en_msgs.txt -cs \
  -h+dist/default/production\CDCSample.X.production.sym \
  --cmf=dist/default/production\CDCSample.X.production.cmf -z -Q18F14K50 \
  -oC:\Users\K\AppData\Local\Temp\s1d0.2 \
  -Mdist/default/production/CDCSample.X.production.map -E1 -ver=XC8 \
  -ASTACK=02C0h-02ffh -pstack=STACK -ACODE=00h-03FFFh -ACONST=00h-03FFFh \
  -ASMALLCONST=0300h-03FFhx61 -AMEDIUMCONST=0300h-03FFFh -ACOMRAM=01h-05Fh \
  -AABS1=00h-02FFh -ABIGRAM=01h-02FFh -ARAM=060h-0FFh,0100h-01FFhx2 \
  -ABANK0=060h-0FFh -ABANK1=0100h-01FFh -ABANK2=0200h-02FFh \
  -ASFR=0F53h-0F5Fh,0F60h-0FFFh \
  -preset_vec=00h,intcode=08h,intcodelo,powerup,init,end_init \
  -pramtop=0300h -psmallconst=SMALLCONST -pmediumconst=MEDIUMCONST \
  -pconst=CONST -AFARRAM=00h-00h -ACONFIG=0300000h-030000Dh -pconfig=CONFIG \
  -AIDLOC=0200000h-0200007h -pidloc=IDLOC -AEEDATA=0F00000h-0F000FFh \
  -peeprom_data=EEDATA \
  -prdata=COMRAM,nvrram=COMRAM,nvbit=COMRAM,rbss=COMRAM,rbit=COMRAM \
  -pfarbss=FARRAM,fardata=FARRAM,nvFARRAM=FARRAM \
  -pintsave_regs=BIGRAM,bigbss=BIGRAM,bigdata=BIGRAM -pbss=RAM \
  -pidata=CODE,irdata=CODE,ibigdata=CODE,ifardata=CODE -prparam=COMRAM \
  C:\Users\K\AppData\Local\Temp\s1d0.obj \
  dist/default/production\CDCSample.X.production.obj 

Object code version is 3.11

Machine type is 18F14K50

Call graph: (short form)




                Name                               Link     Load   Length Selector   Space Scale
C:\Users\K\AppData\Local\Temp\s1d0.obj
                end_init                             82       82        4        4       0
                reset_vec                             0        0        4        0       0
                idloc                            200000   200000        8   200000       0
                config                           300000   300000        E   300000       0
dist/default/production\CDCSample.X.production.obj
                intcode                               8        8       7A        4       0
                temp                                 55       55        1        1       1
                smallconst                          300      300       E4      180       0
                text46                             1360     1360       CE      1F2       0
                text45                             15AA     15AA       BA      1F2       0
                text44                             142E     142E       C2      1F2       0
                text43                              ED2      ED2      10C      1F2       0
                text42                             1CEA     1CEA       5C      1F2       0
                text41                             1664     1664       AC      1F2       0
                text40                             18FA     18FA       94      1F2       0
                text39                             1E20     1E20       3C      1F2       0
                text38                             14F0     14F0       BA      1F2       0
                text37                             1C1C     1C1C       6C      1F2       0
                text36                             1F82     1F82       2A      1F2       0
                text35                             2044     2044       14      1F2       0
                text34                             1BAC     1BAC       70      1F2       0
                text33                              3E4      3E4      280      1F2       0
                text32                              DB2      DB2      120      1F2       0
                text31                             1710     1710       AA      1F2       0
                text30                             1F56     1F56       2C      1F2       0
                text29                             10D2     10D2       DC      1F2       0
                text28                             11AE     11AE       DA      1F2       0
                text27                             185E     185E       9C      1F2       0
                text26                              FDE      FDE       F4      1F2       0
                text25                             1AAE     1AAE       86      1F2       0
                text24                             1DE0     1DE0       40      1F2       0
                text23                             1A1E     1A1E       90      1F2       0
                text22                             1FD2     1FD2       26      1F2       0
                text21                             1D9A     1D9A       46      1F2       0
                text20                             1F28     1F28       2E      1F2       0
                text19                             1E90     1E90       34      1F2       0
                text18                              9EE      9EE      150      1F2       0
                text17                              C82      C82      130      1F2       0
                text15                             1288     1288       D8      1F2       0
                text14                             17BA     17BA       A4      1F2       0
                text13                             1EF6     1EF6       32      1F2       0
                text12                              B3E      B3E      144      1F2       0
                text11                             1D46     1D46       54      1F2       0
                text10                             202C     202C       18      1F2       0
                text9                              1B34     1B34       78      1F2       0
                text8                              1C88     1C88       62      1F2       0
                text7                               664      664      21C      1F2       0
                text6                              2014     2014       18      1F2       0
                text5                              1EC4     1EC4       32      1F2       0
                text4                              1E5C     1E5C       34      1F2       0
                text3                               880      880      16E      1F2       0
                text2                              2058     2058       10      1F2       0
                text1                              1FF8     1FF8       1C      1F2       0
                text0                              198E     198E       90      1F2       0
                cstackCOMRAM                         2B       2B       2A        1       1
                cstackBANK0                          60       60       60       60       1
                cstackBANK1                         100      100      100      100       1
                bssBANK0                             C0       C0       3E       60       1
                bssCOMRAM                             1        1       2A        1       1
                cinit                              1FAC     1FAC       26      1F2       0

TOTAL           Name                               Link     Load   Length     Space
        CLASS   STACK          

        CLASS   CODE           
                end_init                             82       82        4         0
                intcode                               8        8       7A         0
                reset_vec                             0        0        4         0
                text46                             1360     1360       CE         0
                text45                             15AA     15AA       BA         0
                text44                             142E     142E       C2         0
                text43                              ED2      ED2      10C         0
                text42                             1CEA     1CEA       5C         0
                text41                             1664     1664       AC         0
                text40                             18FA     18FA       94         0
                text39                             1E20     1E20       3C         0
                text38                             14F0     14F0       BA         0
                text37                             1C1C     1C1C       6C         0
                text36                             1F82     1F82       2A         0
                text35                             2044     2044       14         0
                text34                             1BAC     1BAC       70         0
                text33                              3E4      3E4      280         0
                text32                              DB2      DB2      120         0
                text31                             1710     1710       AA         0
                text30                             1F56     1F56       2C         0
                text29                             10D2     10D2       DC         0
                text28                             11AE     11AE       DA         0
                text27                             185E     185E       9C         0
                text26                              FDE      FDE       F4         0
                text25                             1AAE     1AAE       86         0
                text24                             1DE0     1DE0       40         0
                text23                             1A1E     1A1E       90         0
                text22                             1FD2     1FD2       26         0
                text21                             1D9A     1D9A       46         0
                text20                             1F28     1F28       2E         0
                text19                             1E90     1E90       34         0
                text18                              9EE      9EE      150         0
                text17                              C82      C82      130         0
                text15                             1288     1288       D8         0
                text14                             17BA     17BA       A4         0
                text13                             1EF6     1EF6       32         0
                text12                              B3E      B3E      144         0
                text11                             1D46     1D46       54         0
                text10                             202C     202C       18         0
                text9                              1B34     1B34       78         0
                text8                              1C88     1C88       62         0
                text7                               664      664      21C         0
                text6                              2014     2014       18         0
                text5                              1EC4     1EC4       32         0
                text4                              1E5C     1E5C       34         0
                text3                               880      880      16E         0
                text2                              2058     2058       10         0
                text1                              1FF8     1FF8       1C         0
                text0                              198E     198E       90         0
                cinit                              1FAC     1FAC       26         0

        CLASS   CONST          

        CLASS   SMALLCONST     
                smallconst                          300      300       E4         0

        CLASS   MEDIUMCONST    

        CLASS   COMRAM         
                temp                                 55       55        1         1
                cstackCOMRAM                         2B       2B       2A         1
                bssCOMRAM                             1        1       2A         1

        CLASS   ABS1           
                abs_s1                              200      200       C0         1

        CLASS   BIGRAM         

        CLASS   RAM            

        CLASS   BANK0          
                cstackBANK0                          60       60       60         1
                bssBANK0                             C0       C0       3E         1

        CLASS   BANK1          
                cstackBANK1                         100      100      100         1

        CLASS   BANK2          

        CLASS   SFR            

        CLASS   FARRAM         

        CLASS   CONFIG         
                config                           300000   300000        E         0

        CLASS   IDLOC          
                idloc                            200000   200000        8         0

        CLASS   EEDATA         



SEGMENTS        Name                           Load    Length   Top    Selector   Space  Class

                reset_vec                      000000  000004  000004         0       0  CODE    
                bssCOMRAM                      000001  000055  000056         1       1  COMRAM  
                intcode                        000008  00007E  000086         4       0  CODE    
                cstackBANK0                    000060  00009E  0000FE        60       1  BANK0   
                cstackBANK1                    000100  000100  000200       100       1  BANK1   
                smallconst                     000300  0000E4  0003E4       180       0  SMALLCON
                text33                         0003E4  001C84  002068       1F2       0  CODE    
                idloc                          200000  000008  200008    200000       0  IDLOC   
                config                         300000  00000E  30000E    300000       0  CONFIG  


UNUSED ADDRESS RANGES

        Name                Unused          Largest block    Delta
        BANK0            0000FE-0000FF                2
        BANK2            0002C0-0002FF               40
        BIGRAM           000056-00005F                A
                         0000FE-0000FF                2
                         0002C0-0002FF               40
        CODE             000004-000007                4
                         000086-0002FF              27A
                         002068-003FFF             1F98
        COMRAM           000056-00005F                A
        CONST            000004-000007                4
                         000086-0002FF              27A
                         002068-003FFF             1F98
        EEDATA           F00000-F000FF              100
        MEDIUMCONST      002068-003FFF             1F98
        RAM              0000FE-0000FF                2
                         0002C0-0002FF               40
        SFR              000F53-000FFF                D
        SMALLCONST       002068-003FFF              100
        STACK            0002C0-0002FF               40

                                  Symbol Table

?_USBTransferOnePacket                    cstackBANK0  000060
?___lwdiv                                 cstackBANK0  000060
?___lwmod                                 cstackBANK0  000067
?_cdcGets                                 cstackBANK0  00006B
?_sprintf                                 cstackBANK0  00006C
?_update                                  cstackBANK0  000069
?i2_USBTransferOnePacket                  cstackCOMRAM 00002B
CDCTxService@byte_to_send                 cstackBANK0  000068
CDCTxService@i                            cstackBANK0  000067
SYSTEM_Initialize@state                   cstackBANK0  000060
USBConfigureEndpoint@EPNum                cstackCOMRAM 000030
USBConfigureEndpoint@direction            cstackCOMRAM 00002B
USBConfigureEndpoint@handle               cstackCOMRAM 000031
USBCtrlTrfInHandler@lastDTS               cstackCOMRAM 00002C
USBCtrlTrfRxService@byteToRead            cstackCOMRAM 00002C
USBCtrlTrfRxService@i                     cstackCOMRAM 00002B
USBCtrlTrfTxService@byteToSend            cstackCOMRAM 00002B
USBDeviceInit@i                           cstackBANK0  000068
USBDeviceTasks@i                          cstackCOMRAM 000046
USBEnableEndpoint@ep                      cstackCOMRAM 000036
USBEnableEndpoint@options                 cstackCOMRAM 000033
USBEnableEndpoint@p                       cstackCOMRAM 000034
USBStdFeatureReqHandler@current_ep_data   cstackCOMRAM 000042
USBStdFeatureReqHandler@p                 cstackCOMRAM 000043
USBStdFeatureReqHandler@pUEP              cstackCOMRAM 000040
USBStdGetStatusHandler@p                  cstackCOMRAM 00002C
USBStdSetCfgHandler@i                     cstackCOMRAM 00003F
USBTransferOnePacket@data                 cstackBANK0  000061
USBTransferOnePacket@dir                  cstackBANK0  000060
USBTransferOnePacket@ep                   cstackBANK0  000064
USBTransferOnePacket@handle               cstackBANK0  000065
USBTransferOnePacket@len                  cstackBANK0  000063
USER_USB_CALLBACK_EVENT_HANDLER@event     cstackCOMRAM 000037
USER_USB_CALLBACK_EVENT_HANDLER@pdata     cstackCOMRAM 000039
USER_USB_CALLBACK_EVENT_HANDLER@size      cstackCOMRAM 00003B
_BDT                                      (abs)        000200
_BaudRateGen                              bssBANK0     0000D0
_BothEP0OutUOWNsSet                       bssCOMRAM    00001B
_CDCDataInHandle                          bssBANK0     0000E4
_CDCDataOutHandle                         bssCOMRAM    000015
_CDCInitEP                                text37       001C1C
_CDCTxService                             text12       000B3E
_CtrlTrfData                              (abs)        000238
_INTCONbits                               (abs)        000FF2
_IPR2bits                                 (abs)        000FA2
_PIE2bits                                 (abs)        000FA0
_PIR2bits                                 (abs)        000FA1
_RCONbits                                 (abs)        000FD0
_RemoteWakeup                             bssCOMRAM    00001C
_SYSTEM_Initialize                        text6        002014
_SYS_InterruptHigh                        intcode      000008
_SetupPkt                                 (abs)        000230
_UADDR                                    (abs)        000F5C
_UCFG                                     (abs)        000F61
_UCON                                     (abs)        000F64
_UCONbits                                 (abs)        000F64
_UEIE                                     (abs)        000F5B
_UEIR                                     (abs)        000F5F
_UEP0                                     (abs)        000F53
_UEP0bits                                 (abs)        000F53
_UEP1                                     (abs)        000F54
_UIE                                      (abs)        000F60
_UIEbits                                  (abs)        000F60
_UIR                                      (abs)        000F62
_UIRbits                                  (abs)        000F62
_USB1msTickCount                          bssBANK0     0000D4
_USBActiveConfiguration                   bssCOMRAM    000029
_USBAlternateInterface                    bssBANK0     0000FC
_USBBusIsSuspended                        bssCOMRAM    00001D
_USBCheckCDCRequest                       text41       001664
_USBCheckStdRequest                       text28       0011AE
_USBConfigureEndpoint                     text40       0018FA
_USBCtrlEPAllowDataStage                  text27       00185E
_USBCtrlEPAllowStatusStage                text44       00142E
_USBCtrlEPService                         text23       001A1E
_USBCtrlEPServiceComplete                 text26       000FDE
_USBCtrlTrfInHandler                      text45       0015AA
_USBCtrlTrfOutHandler                     text42       001CEA
_USBCtrlTrfRxService                      text43       000ED2
_USBCtrlTrfSetupHandler                   text25       001AAE
_USBCtrlTrfTxService                      text46       001360
_USBDeferINDataStagePackets               bssBANK0     0000E8
_USBDeferOUTDataStagePackets              bssBANK0     0000E9
_USBDeferStatusStagePacket                bssCOMRAM    00001E
_USBDeviceAttach                          text5        001EC4
_USBDeviceInit                            text3        000880
_USBDeviceState                           bssCOMRAM    00001F
_USBDeviceTasks                           text17       000C82
_USBEnableEndpoint                        text39       001E20
_USBIncrement1msInternalTimers            text22       001FD2
_USBStallHandler                          text21       001D9A
_USBStatusStageEnabledFlag1               bssCOMRAM    000020
_USBStatusStageEnabledFlag2               bssCOMRAM    000021
_USBStatusStageTimeoutCounter             bssCOMRAM    000022
_USBStdFeatureReqHandler                  text33       0003E4
_USBStdGetDscHandler                      text32       000DB2
_USBStdGetStatusHandler                   text31       001710
_USBStdSetCfgHandler                      text29       0010D2
_USBSuspend                               text20       001F28
_USBTicksSinceSuspendEnd                  bssBANK0     0000EA
_USBTransferOnePacket                     text15       001288
_USBWakeFromSuspend                       text19       001E90
_USB_CD_Ptr                               smallconst   000311
_USB_SD_Ptr                               smallconst   00030B
_USER_USB_CALLBACK_EVENT_HANDLER          text34       001BAC
_USTAT                                    (abs)        000F63
_USTATcopy                                bssCOMRAM    00002A
__CFG_BBSIZ$OFF                           (abs)        000000
__CFG_BOREN$OFF                           (abs)        000000
__CFG_BORV$30                             (abs)        000000
__CFG_CP0$OFF                             (abs)        000000
__CFG_CP1$OFF                             (abs)        000000
__CFG_CPB$OFF                             (abs)        000000
__CFG_CPUDIV$NOCLKDIV                     (abs)        000000
__CFG_EBTR0$OFF                           (abs)        000000
__CFG_EBTR1$OFF                           (abs)        000000
__CFG_EBTRB$OFF                           (abs)        000000
__CFG_FCMEN$OFF                           (abs)        000000
__CFG_FOSC$HS                             (abs)        000000
__CFG_HFOFST$OFF                          (abs)        000000
__CFG_IESO$OFF                            (abs)        000000
__CFG_LVP$OFF                             (abs)        000000
__CFG_MCLRE$OFF                           (abs)        000000
__CFG_PLLEN$ON                            (abs)        000000
__CFG_PWRTEN$OFF                          (abs)        000000
__CFG_STVREN$ON                           (abs)        000000
__CFG_USBDIV$OFF                          (abs)        000000
__CFG_WDTEN$OFF                           (abs)        000000
__CFG_WDTPS$32768                         (abs)        000000
__CFG_WRT0$OFF                            (abs)        000000
__CFG_WRT1$OFF                            (abs)        000000
__CFG_WRTB$OFF                            (abs)        000000
__CFG_WRTC$OFF                            (abs)        000000
__CFG_XINST$OFF                           (abs)        000000
__HRAM                                    (abs)        000000
__Habs1                                   abs1         000000
__Hbank0                                  bank0        000000
__Hbank1                                  bank1        000000
__Hbank2                                  bank2        000000
__Hbigbss                                 bigbss       000000
__Hbigdata                                bigdata      000000
__Hbigram                                 bigram       000000
__Hbss                                    bss          000000
__HbssBANK0                               bssBANK0     000000
__HbssCOMRAM                              bssCOMRAM    000000
__Hcinit                                  cinit        000000
__Hclrtext                                clrtext      000000
__Hcomram                                 comram       000000
__Hconfig                                 config       30000E
__Hconst                                  const        000000
__HcstackBANK0                            cstackBANK0  000000
__HcstackBANK1                            cstackBANK1  000000
__HcstackCOMRAM                           cstackCOMRAM 000000
__Hdata                                   data         000000
__Heeprom_data                            eeprom_data  000000
__Hend_init                               end_init     000086
__Hfarbss                                 farbss       000000
__Hfardata                                fardata      000000
__Hibigdata                               ibigdata     000000
__Hidata                                  idata        000000
__Hidloc                                  idloc        200008
__Hifardata                               ifardata     000000
__Hinit                                   init         000082
__Hintcode                                intcode      000082
__Hintcode_body                           intcode_body 000000
__Hintcodelo                              intcodelo    000082
__Hintentry                               intentry     000000
__Hintret                                 intret       000000
__Hintsave_regs                           intsave_regs 000000
__Hirdata                                 irdata       000000
__Hmediumconst                            mediumconst  000000
__HnvFARRAM                               nvFARRAM     000000
__Hnvbit                                  nvbit        000000
__Hnvrram                                 nvrram       000000
__Hparam                                  rparam       000000
__Hpowerup                                powerup      000082
__Hram                                    ram          000000
__Hramtop                                 ramtop       000300
__Hrbit                                   rbit         000000
__Hrbss                                   rbss         000000
__Hrdata                                  rdata        000000
__Hreset_vec                              reset_vec    000004
__Hrparam                                 rparam       000000
__Hsfr                                    sfr          000000
__Hsmallconst                             smallconst   0003E4
__Hspace_0                                (abs)        30000E
__Hspace_1                                (abs)        000200
__Hspace_2                                (abs)        000000
__Hstack                                  stack        000000
__Hstruct                                 struct       000000
__Htemp                                   temp         000056
__Htext                                   text         000000
__Htext0                                  text0        000000
__Htext1                                  text1        000000
__Htext10                                 text10       000000
__Htext11                                 text11       000000
__Htext12                                 text12       000000
__Htext13                                 text13       000000
__Htext14                                 text14       000000
__Htext15                                 text15       000000
__Htext17                                 text17       000000
__Htext18                                 text18       000000
__Htext19                                 text19       000000
__Htext2                                  text2        000000
__Htext20                                 text20       000000
__Htext21                                 text21       000000
__Htext22                                 text22       000000
__Htext23                                 text23       000000
__Htext24                                 text24       000000
__Htext25                                 text25       000000
__Htext26                                 text26       000000
__Htext27                                 text27       000000
__Htext28                                 text28       000000
__Htext29                                 text29       000000
__Htext3                                  text3        000000
__Htext30                                 text30       000000
__Htext31                                 text31       000000
__Htext32                                 text32       000000
__Htext33                                 text33       000000
__Htext34                                 text34       000000
__Htext35                                 text35       000000
__Htext36                                 text36       000000
__Htext37                                 text37       000000
__Htext38                                 text38       000000
__Htext39                                 text39       000000
__Htext4                                  text4        000000
__Htext40                                 text40       000000
__Htext41                                 text41       000000
__Htext42                                 text42       000000
__Htext43                                 text43       000000
__Htext44                                 text44       000000
__Htext45                                 text45       000000
__Htext46                                 text46       000000
__Htext5                                  text5        000000
__Htext6                                  text6        000000
__Htext7                                  text7        000000
__Htext8                                  text8        000000
__Htext9                                  text9        000000
__LRAM                                    (abs)        000001
__Labs1                                   abs1         000000
__Lbank0                                  bank0        000000
__Lbank1                                  bank1        000000
__Lbank2                                  bank2        000000
__Lbigbss                                 bigbss       000000
__Lbigdata                                bigdata      000000
__Lbigram                                 bigram       000000
__Lbss                                    bss          000000
__LbssBANK0                               bssBANK0     000000
__LbssCOMRAM                              bssCOMRAM    000000
__Lcinit                                  cinit        000000
__Lclrtext                                clrtext      000000
__Lcomram                                 comram       000000
__Lconfig                                 config       300000
__Lconst                                  const        000000
__LcstackBANK0                            cstackBANK0  000000
__LcstackBANK1                            cstackBANK1  000000
__LcstackCOMRAM                           cstackCOMRAM 000000
__Ldata                                   data         000000
__Leeprom_data                            eeprom_data  000000
__Lend_init                               end_init     000082
__Lfarbss                                 farbss       000000
__Lfardata                                fardata      000000
__Libigdata                               ibigdata     000000
__Lidata                                  idata        000000
__Lidloc                                  idloc        200000
__Lifardata                               ifardata     000000
__Linit                                   init         000082
__Lintcode                                intcode      000008
__Lintcode_body                           intcode_body 000000
__Lintcodelo                              intcodelo    000082
__Lintentry                               intentry     000000
__Lintret                                 intret       000000
__Lintsave_regs                           intsave_regs 000000
__Lirdata                                 irdata       000000
__Lmediumconst                            mediumconst  000000
__LnvFARRAM                               nvFARRAM     000000
__Lnvbit                                  nvbit        000000
__Lnvrram                                 nvrram       000000
__Lparam                                  rparam       000000
__Lpowerup                                powerup      000082
__Lram                                    ram          000000
__Lramtop                                 ramtop       000300
__Lrbit                                   rbit         000000
__Lrbss                                   rbss         000000
__Lrdata                                  rdata        000000
__Lreset_vec                              reset_vec    000000
__Lrparam                                 rparam       000000
__Lsfr                                    sfr          000000
__Lsmallconst                             smallconst   000300
__Lspace_0                                (abs)        000000
__Lspace_1                                (abs)        000000
__Lspace_2                                (abs)        000000
__Lstack                                  stack        000000
__Lstruct                                 struct       000000
__Ltemp                                   temp         000055
__Ltext                                   text         000000
__Ltext0                                  text0        000000
__Ltext1                                  text1        000000
__Ltext10                                 text10       000000
__Ltext11                                 text11       000000
__Ltext12                                 text12       000000
__Ltext13                                 text13       000000
__Ltext14                                 text14       000000
__Ltext15                                 text15       000000
__Ltext17                                 text17       000000
__Ltext18                                 text18       000000
__Ltext19                                 text19       000000
__Ltext2                                  text2        000000
__Ltext20                                 text20       000000
__Ltext21                                 text21       000000
__Ltext22                                 text22       000000
__Ltext23                                 text23       000000
__Ltext24                                 text24       000000
__Ltext25                                 text25       000000
__Ltext26                                 text26       000000
__Ltext27                                 text27       000000
__Ltext28                                 text28       000000
__Ltext29                                 text29       000000
__Ltext3                                  text3        000000
__Ltext30                                 text30       000000
__Ltext31                                 text31       000000
__Ltext32                                 text32       000000
__Ltext33                                 text33       000000
__Ltext34                                 text34       000000
__Ltext35                                 text35       000000
__Ltext36                                 text36       000000
__Ltext37                                 text37       000000
__Ltext38                                 text38       000000
__Ltext39                                 text39       000000
__Ltext4                                  text4        000000
__Ltext40                                 text40       000000
__Ltext41                                 text41       000000
__Ltext42                                 text42       000000
__Ltext43                                 text43       000000
__Ltext44                                 text44       000000
__Ltext45                                 text45       000000
__Ltext46                                 text46       000000
__Ltext5                                  text5        000000
__Ltext6                                  text6        000000
__Ltext7                                  text7        000000
__Ltext8                                  text8        000000
__Ltext9                                  text9        000000
__S0                                      (abs)        30000E
__S1                                      (abs)        000200
__S2                                      (abs)        000000
___inthi_sp                               stack        000000
___intlo_sp                               stack        000000
___lwdiv                                  text9        001B34
___lwdiv@counter                          cstackBANK0  000064
___lwdiv@dividend                         cstackBANK0  000060
___lwdiv@divisor                          cstackBANK0  000062
___lwdiv@quotient                         cstackBANK0  000065
___lwmod                                  text8        001C88
___lwmod@counter                          cstackBANK0  00006B
___lwmod@dividend                         cstackBANK0  000067
___lwmod@divisor                          cstackBANK0  000069
___param_bank                             (abs)        000010
___rparam_used                            (abs)        000001
___sp                                     stack        000000
__accesstop                               (abs)        000060
__activetblptr                            (abs)        000002
__end_of_CDCInitEP                        text37       001C88
__end_of_CDCTxService                     text12       000C82
__end_of_SYSTEM_Initialize                text6        00202C
__end_of_SYS_InterruptHigh                intcode      000082
__end_of_USBCheckCDCRequest               text41       001710
__end_of_USBCheckStdRequest               text28       001288
__end_of_USBConfigureEndpoint             text40       00198E
__end_of_USBCtrlEPAllowDataStage          text27       0018FA
__end_of_USBCtrlEPAllowStatusStage        text44       0014F0
__end_of_USBCtrlEPService                 text23       001AAE
__end_of_USBCtrlEPServiceComplete         text26       0010D2
__end_of_USBCtrlTrfInHandler              text45       001664
__end_of_USBCtrlTrfOutHandler             text42       001D46
__end_of_USBCtrlTrfRxService              text43       000FDE
__end_of_USBCtrlTrfSetupHandler           text25       001B34
__end_of_USBCtrlTrfTxService              text46       00142E
__end_of_USBDeviceAttach                  text5        001EF6
__end_of_USBDeviceInit                    text3        0009EE
__end_of_USBDeviceTasks                   text17       000DB2
__end_of_USBEnableEndpoint                text39       001E5C
__end_of_USBIncrement1msInternalTimers    text22       001FF8
__end_of_USBStallHandler                  text21       001DE0
__end_of_USBStdFeatureReqHandler          text33       000664
__end_of_USBStdGetDscHandler              text32       000ED2
__end_of_USBStdGetStatusHandler           text31       0017BA
__end_of_USBStdSetCfgHandler              text29       0011AE
__end_of_USBSuspend                       text20       001F56
__end_of_USBTransferOnePacket             text15       001360
__end_of_USBWakeFromSuspend               text19       001EC4
__end_of_USB_CD_Ptr                       smallconst   000313
__end_of_USB_SD_Ptr                       smallconst   000311
__end_of_USER_USB_CALLBACK_EVENT_HANDLER  text34       001C1C
__end_of___lwdiv                          text9        001BAC
__end_of___lwmod                          text8        001CEA
__end_of__initialization                  cinit        001FC4
__end_of_cdcGets                          text13       001F28
__end_of_cdcInit                          text36       001FAC
__end_of_cdcPuts                          text10       002044
__end_of_configDescriptor1                smallconst   000356
__end_of_device_dsc                       smallconst   0003D0
__end_of_dpowers                          smallconst   00030B
__end_of_getsUSBUSART                     text14       00185E
__end_of_main                             text0        001A1E
__end_of_memcpy                           text24       001E20
__end_of_memset                           text4        001E90
__end_of_putsUSBUSART                     text11       001D9A
__end_of_sd000                            smallconst   0003D4
__end_of_sd001                            smallconst   00038A
__end_of_sd002                            smallconst   0003BE
__end_of_sprintf                          text7        000880
__end_of_systemInit                       text2        002068
__end_of_update                           text1        002014
__end_ofi2_SYSTEM_Initialize              text35       002058
__end_ofi2_USBDeviceInit                  text18       000B3E
__end_ofi2_USBTransferOnePacket           text38       0015AA
__end_ofi2_memset                         text30       001F82
__initialization                          cinit        001FAC
__mediumconst                             mediumconst  000000
__pbssBANK0                               bssBANK0     0000C0
__pbssCOMRAM                              bssCOMRAM    000001
__pcinit                                  cinit        001FAC
__pcstackBANK0                            cstackBANK0  000060
__pcstackBANK1                            cstackBANK1  000100
__pcstackCOMRAM                           cstackCOMRAM 00002B
__pintcode                                intcode      000008
__psmallconst                             smallconst   000300
__ptext0                                  text0        00198E
__ptext1                                  text1        001FF8
__ptext10                                 text10       00202C
__ptext11                                 text11       001D46
__ptext12                                 text12       000B3E
__ptext13                                 text13       001EF6
__ptext14                                 text14       0017BA
__ptext15                                 text15       001288
__ptext17                                 text17       000C82
__ptext18                                 text18       0009EE
__ptext19                                 text19       001E90
__ptext2                                  text2        002058
__ptext20                                 text20       001F28
__ptext21                                 text21       001D9A
__ptext22                                 text22       001FD2
__ptext23                                 text23       001A1E
__ptext24                                 text24       001DE0
__ptext25                                 text25       001AAE
__ptext26                                 text26       000FDE
__ptext27                                 text27       00185E
__ptext28                                 text28       0011AE
__ptext29                                 text29       0010D2
__ptext3                                  text3        000880
__ptext30                                 text30       001F56
__ptext31                                 text31       001710
__ptext32                                 text32       000DB2
__ptext33                                 text33       0003E4
__ptext34                                 text34       001BAC
__ptext35                                 text35       002044
__ptext36                                 text36       001F82
__ptext37                                 text37       001C1C
__ptext38                                 text38       0014F0
__ptext39                                 text39       001E20
__ptext4                                  text4        001E5C
__ptext40                                 text40       0018FA
__ptext41                                 text41       001664
__ptext42                                 text42       001CEA
__ptext43                                 text43       000ED2
__ptext44                                 text44       00142E
__ptext45                                 text45       0015AA
__ptext46                                 text46       001360
__ptext5                                  text5        001EC4
__ptext6                                  text6        002014
__ptext7                                  text7        000664
__ptext8                                  text8        001C88
__ptext9                                  text9        001B34
__ramtop                                  ramtop       000300
__size_of_CDCInitEP                       (abs)        000000
__size_of_CDCTxService                    (abs)        000000
__size_of_SYSTEM_Initialize               (abs)        000000
__size_of_SYS_InterruptHigh               (abs)        000000
__size_of_USBCheckCDCRequest              (abs)        000000
__size_of_USBCheckStdRequest              (abs)        000000
__size_of_USBConfigureEndpoint            (abs)        000000
__size_of_USBCtrlEPAllowDataStage         (abs)        000000
__size_of_USBCtrlEPAllowStatusStage       (abs)        000000
__size_of_USBCtrlEPService                (abs)        000000
__size_of_USBCtrlEPServiceComplete        (abs)        000000
__size_of_USBCtrlTrfInHandler             (abs)        000000
__size_of_USBCtrlTrfOutHandler            (abs)        000000
__size_of_USBCtrlTrfRxService             (abs)        000000
__size_of_USBCtrlTrfSetupHandler          (abs)        000000
__size_of_USBCtrlTrfTxService             (abs)        000000
__size_of_USBDeviceAttach                 (abs)        000000
__size_of_USBDeviceInit                   (abs)        000000
__size_of_USBDeviceTasks                  (abs)        000000
__size_of_USBEnableEndpoint               (abs)        000000
__size_of_USBIncrement1msInternalTimers   (abs)        000000
__size_of_USBStallHandler                 (abs)        000000
__size_of_USBStdFeatureReqHandler         (abs)        000000
__size_of_USBStdGetDscHandler             (abs)        000000
__size_of_USBStdGetStatusHandler          (abs)        000000
__size_of_USBStdSetCfgHandler             (abs)        000000
__size_of_USBSuspend                      (abs)        000000
__size_of_USBTransferOnePacket            (abs)        000000
__size_of_USBWakeFromSuspend              (abs)        000000
__size_of_USER_USB_CALLBACK_EVENT_HANDLER (abs)        000000
__size_of___lwdiv                         (abs)        000000
__size_of___lwmod                         (abs)        000000
__size_of_cdcGets                         (abs)        000000
__size_of_cdcInit                         (abs)        000000
__size_of_cdcPuts                         (abs)        000000
__size_of_getsUSBUSART                    (abs)        000000
__size_of_main                            (abs)        000000
__size_of_memcpy                          (abs)        000000
__size_of_memset                          (abs)        000000
__size_of_putsUSBUSART                    (abs)        000000
__size_of_sprintf                         (abs)        000000
__size_of_systemInit                      (abs)        000000
__size_of_update                          (abs)        000000
__size_ofi2_SYSTEM_Initialize             (abs)        000000
__size_ofi2_USBDeviceInit                 (abs)        000000
__size_ofi2_USBTransferOnePacket          (abs)        000000
__size_ofi2_memset                        (abs)        000000
__smallconst                              smallconst   000300
_cdcGets                                  text13       001EF6
_cdcInit                                  text36       001F82
_cdcPuts                                  text10       00202C
_cdc_data_rx                              (abs)        000280
_cdc_data_tx                              (abs)        000240
_cdc_mem_type                             bssBANK0     0000EB
_cdc_notice                               bssBANK0     0000C0
_cdc_rx_len                               bssCOMRAM    000023
_cdc_trf_state                            bssCOMRAM    000024
_cdc_tx_len                               bssCOMRAM    000025
_configDescriptor1                        smallconst   000313
_controlTransferState                     bssCOMRAM    000026
_control_signal_bitmap                    bssBANK0     0000EC
_device_dsc                               smallconst   0003BE
_dpowers                                  smallconst   000301
_dummy_encapsulated_cmd_response          bssBANK0     0000ED
_endpoint_number                          bssCOMRAM    000027
_ep_data_in                               bssBANK0     0000D8
_ep_data_out                              bssBANK0     0000DB
_getsUSBUSART                             text14       0017BA
_inPipes                                  bssCOMRAM    000009
_line_coding                              bssBANK0     0000F5
_main                                     text0        00198E
_memcpy                                   text24       001DE0
_memset                                   text4        001E5C
_outPipes                                 bssCOMRAM    000001
_pBDTEntryEP0OutCurrent                   bssCOMRAM    000017
_pBDTEntryEP0OutNext                      bssCOMRAM    000019
_pBDTEntryIn                              bssCOMRAM    00000F
_pBDTEntryOut                             bssBANK0     0000CA
_pCDCDst                                  bssBANK0     0000DE
_pCDCSrc                                  bssBANK0     0000E1
_pDst                                     bssBANK0     0000E6
_putsUSBUSART                             text11       001D46
_sd000                                    smallconst   0003D0
_sd001                                    smallconst   000356
_sd002                                    smallconst   00038A
_shortPacketStatus                        bssCOMRAM    000028
_sprintf                                  text7        000664
_systemInit                               text2        002058
_update                                   text1        001FF8
btemp                                     temp         000055
cdcGets@data                              cstackBANK0  00006B
cdcGets@length                            cstackBANK0  00006D
cdcPuts@data                              cstackBANK0  000069
end_of_initialization                     cinit        001FC4
getsUSBUSART@buffer                       cstackBANK0  000067
getsUSBUSART@len                          cstackBANK0  000069
i2SYSTEM_Initialize@state                 cstackCOMRAM 00002B
i2USBDeviceInit@i                         cstackCOMRAM 000033
i2USBTransferOnePacket@data               cstackCOMRAM 00002C
i2USBTransferOnePacket@dir                cstackCOMRAM 00002B
i2USBTransferOnePacket@ep                 cstackCOMRAM 00002F
i2USBTransferOnePacket@handle             cstackCOMRAM 000030
i2USBTransferOnePacket@len                cstackCOMRAM 00002E
i2_SYSTEM_Initialize                      text35       002044
i2_USBDeviceInit                          text18       0009EE
i2_USBTransferOnePacket                   text38       0014F0
i2_memset                                 text30       001F56
i2memset@c                                cstackCOMRAM 00002D
i2memset@n                                cstackCOMRAM 00002F
i2memset@p                                cstackCOMRAM 000031
i2memset@p1                               cstackCOMRAM 00002B
int$flags                                 temp         000055
intlevel0                                 text         000000
intlevel1                                 text         000000
intlevel2                                 text         000000
intlevel3                                 text         000000
main@buff                                 cstackBANK0  00007E
main@length                               cstackBANK0  0000BE
main@text                                 cstackBANK1  000100
memcpy@d                                  cstackCOMRAM 000031
memcpy@d1                                 cstackCOMRAM 00002B
memcpy@n                                  cstackCOMRAM 00002F
memcpy@s                                  cstackCOMRAM 000033
memcpy@s1                                 cstackCOMRAM 00002D
memset@c                                  cstackBANK0  000062
memset@n                                  cstackBANK0  000064
memset@p                                  cstackBANK0  000066
memset@p1                                 cstackBANK0  000060
putsUSBUSART@data                         cstackBANK0  000060
putsUSBUSART@len                          cstackBANK0  000064
putsUSBUSART@pData                        cstackBANK0  000062
sprintf@ap                                cstackBANK0  000077
sprintf@c                                 cstackBANK0  00007D
sprintf@cp                                cstackBANK0  000079
sprintf@f                                 cstackBANK0  00006E
sprintf@flag                              cstackBANK0  000075
sprintf@prec                              cstackBANK0  000076
sprintf@sp                                cstackBANK0  00006C
sprintf@val                               cstackBANK0  00007B
stackhi                                   (abs)        0002FF
stacklo                                   (abs)        0002C0
start                                     init         000082
start_initialization                      cinit        001FAC


FUNCTION INFORMATION:

 *************** function _main *****************
 Defined at:
		line 5 in file "main.c"
 Parameters:    Size  Location     Type
		None
 Auto vars:     Size  Location     Type
  text          256    0[BANK1 ] unsigned char [256]
  buff           64   30[BANK0 ] unsigned char [64]
  length          2   94[BANK0 ] int 
 Return value:  Size  Location     Type
		None               void
 Registers used:
		wreg, fsr1l, fsr1h, fsr2l, fsr2h, status,2, status,0, tblptrl, tblptrh, tblptru, prodl, prodh, cstack
 Tracked objects:
		On entry : 
		On exit  : 
		Unchanged: 
 Data sizes:     COMRAM   BANK0   BANK1   BANK2
      Params:         0       0       0       0
      Locals:         0      66     256       0
      Temps:          0       0       0       0
      Totals:         0      66     256       0
Total ram usage:      322 bytes
 Hardware stack levels required when called:   14
 This function calls:
		_cdcGets
		_cdcPuts
		_sprintf
		_systemInit
		_update
 This function is called by:
		Startup code after reset
 This function uses a non-reentrant model


 *************** function _update *****************
 Defined at:
		line 17 in file "CDCLib/cdc.c"
 Parameters:    Size  Location     Type
		None
 Auto vars:     Size  Location     Type
		None
 Return value:  Size  Location     Type
                  2    9[BANK0 ] int 
 Registers used:
		wreg, fsr1l, fsr1h, fsr2l, fsr2h, status,2, status,0, prodl, prodh, cstack
 Tracked objects:
		On entry : 
		On exit  : 
		Unchanged: 
 Data sizes:     COMRAM   BANK0   BANK1   BANK2
      Params:         0       2       0       0
      Locals:         0       0       0       0
      Temps:          0       0       0       0
      Totals:         0       2       0       0
Total ram usage:        2 bytes
 Hardware stack levels used:    1
 Hardware stack levels required when called:   13
 This function calls:
		_CDCTxService
 This function is called by:
		_main
 This function uses a non-reentrant model


 *************** function _systemInit *****************
 Defined at:
		line 11 in file "CDCLib/cdc.c"
 Parameters:    Size  Location     Type
		None
 Auto vars:     Size  Location     Type
		None
 Return value:  Size  Location     Type
		None               void
 Registers used:
		wreg, fsr2l, fsr2h, status,2, status,0, prodl, prodh, cstack
 Tracked objects:
		On entry : 
		On exit  : 
		Unchanged: 
 Data sizes:     COMRAM   BANK0   BANK1   BANK2
      Params:         0       0       0       0
      Locals:         0       0       0       0
      Temps:          0       0       0       0
      Totals:         0       0       0       0
Total ram usage:        0 bytes
 Hardware stack levels used:    1
 Hardware stack levels required when called:   13
 This function calls:
		_SYSTEM_Initialize
		_USBDeviceAttach
		_USBDeviceInit
 This function is called by:
		_main
 This function uses a non-reentrant model


 *************** function _USBDeviceInit *****************
 Defined at:
		line 295 in file "CDCLib/usb_device.c"
 Parameters:    Size  Location     Type
		None
 Auto vars:     Size  Location     Type
  i               1    8[BANK0 ] unsigned char 
 Return value:  Size  Location     Type
		None               void
 Registers used:
		wreg, fsr2l, fsr2h, status,2, status,0, prodl, prodh, cstack
 Tracked objects:
		On entry : 
		On exit  : 
		Unchanged: 
 Data sizes:     COMRAM   BANK0   BANK1   BANK2
      Params:         0       0       0       0
      Locals:         0       1       0       0
      Temps:          0       0       0       0
      Totals:         0       1       0       0
Total ram usage:        1 bytes
 Hardware stack levels used:    1
 Hardware stack levels required when called:   12
 This function calls:
		_memset
 This function is called by:
		_systemInit
 This function uses a non-reentrant model


 *************** function _memset *****************
 Defined at:
		line 8 in file "C:\Program Files (x86)\Microchip\xc8\v1.35\sources\common\memset.c"
 Parameters:    Size  Location     Type
  p1              2    0[BANK0 ] PTR void 
		 -> USBAlternateInterface(2), BDT(48), UEP1(1), 
  c               2    2[BANK0 ] int 
  n               2    4[BANK0 ] unsigned int 
 Auto vars:     Size  Location     Type
  p               2    6[BANK0 ] PTR unsigned char 
		 -> USBAlternateInterface(2), BDT(48), UEP1(1), 
 Return value:  Size  Location     Type
                  2    0[BANK0 ] PTR void 
 Registers used:
		wreg, fsr2l, fsr2h, status,2, status,0
 Tracked objects:
		On entry : 
		On exit  : 
		Unchanged: 
 Data sizes:     COMRAM   BANK0   BANK1   BANK2
      Params:         0       6       0       0
      Locals:         0       2       0       0
      Temps:          0       0       0       0
      Totals:         0       8       0       0
Total ram usage:        8 bytes
 Hardware stack levels used:    1
 Hardware stack levels required when called:   11
 This function calls:
		Nothing
 This function is called by:
		_USBDeviceInit
 This function uses a non-reentrant model


 *************** function _USBDeviceAttach *****************
 Defined at:
		line 1370 in file "CDCLib/usb_device.c"
 Parameters:    Size  Location     Type
		None
 Auto vars:     Size  Location     Type
		None
 Return value:  Size  Location     Type
		None               void
 Registers used:
		wreg, status,2
 Tracked objects:
		On entry : 
		On exit  : 
		Unchanged: 
 Data sizes:     COMRAM   BANK0   BANK1   BANK2
      Params:         0       0       0       0
      Locals:         0       0       0       0
      Temps:          0       0       0       0
      Totals:         0       0       0       0
Total ram usage:        0 bytes
 Hardware stack levels used:    1
 Hardware stack levels required when called:   11
 This function calls:
		Nothing
 This function is called by:
		_systemInit
 This function uses a non-reentrant model


 *************** function _SYSTEM_Initialize *****************
 Defined at:
		line 69 in file "CDCLib/system.c"
 Parameters:    Size  Location     Type
  state           1    wreg     enum E3753
 Auto vars:     Size  Location     Type
  state           1    0[BANK0 ] enum E3753
 Return value:  Size  Location     Type
		None               void
 Registers used:
		wreg, status,2, status,0
 Tracked objects:
		On entry : 
		On exit  : 
		Unchanged: 
 Data sizes:     COMRAM   BANK0   BANK1   BANK2
      Params:         0       0       0       0
      Locals:         0       1       0       0
      Temps:          0       0       0       0
      Totals:         0       1       0       0
Total ram usage:        1 bytes
 Hardware stack levels used:    1
 Hardware stack levels required when called:   11
 This function calls:
		Nothing
 This function is called by:
		_systemInit
 This function uses a non-reentrant model


 *************** function _sprintf *****************
 Defined at:
		line 492 in file "C:\Program Files (x86)\Microchip\xc8\v1.35\sources\common\doprnt.c"
 Parameters:    Size  Location     Type
  sp              2   12[BANK0 ] PTR unsigned char 
		 -> main@text(256), 
  f               2   14[BANK0 ] PTR const unsigned char 
		 -> STR_1(7), 
 Auto vars:     Size  Location     Type
  tmpval          4    0        struct .
  val             2   27[BANK0 ] unsigned int 
  cp              2   25[BANK0 ] PTR const unsigned char 
		 -> STR_2(7), main@buff(64), 
  ap              2   23[BANK0 ] PTR void [1]
		 -> ?_sprintf(2), 
  len             2    0        unsigned int 
  c               1   29[BANK0 ] char 
  prec            1   22[BANK0 ] char 
  flag            1   21[BANK0 ] unsigned char 
 Return value:  Size  Location     Type
                  2   12[BANK0 ] int 
 Registers used:
		wreg, fsr1l, fsr1h, fsr2l, fsr2h, status,2, status,0, tblptrl, tblptrh, tblptru, prodl, prodh, cstack
 Tracked objects:
		On entry : 
		On exit  : 
		Unchanged: 
 Data sizes:     COMRAM   BANK0   BANK1   BANK2
      Params:         0       8       0       0
      Locals:         0       9       0       0
      Temps:          0       1       0       0
      Totals:         0      18       0       0
Total ram usage:       18 bytes
 Hardware stack levels used:    1
 Hardware stack levels required when called:   12
 This function calls:
		___lwdiv
		___lwmod
 This function is called by:
		_main
 This function uses a non-reentrant model


 *************** function ___lwmod *****************
 Defined at:
		line 8 in file "C:\Program Files (x86)\Microchip\xc8\v1.35\sources\common\lwmod.c"
 Parameters:    Size  Location     Type
  dividend        2    7[BANK0 ] unsigned int 
  divisor         2    9[BANK0 ] unsigned int 
 Auto vars:     Size  Location     Type
  counter         1   11[BANK0 ] unsigned char 
 Return value:  Size  Location     Type
                  2    7[BANK0 ] unsigned int 
 Registers used:
		wreg, status,2, status,0
 Tracked objects:
		On entry : 
		On exit  : 
		Unchanged: 
 Data sizes:     COMRAM   BANK0   BANK1   BANK2
      Params:         0       4       0       0
      Locals:         0       1       0       0
      Temps:          0       0       0       0
      Totals:         0       5       0       0
Total ram usage:        5 bytes
 Hardware stack levels used:    1
 Hardware stack levels required when called:   11
 This function calls:
		Nothing
 This function is called by:
		_sprintf
 This function uses a non-reentrant model


 *************** function ___lwdiv *****************
 Defined at:
		line 8 in file "C:\Program Files (x86)\Microchip\xc8\v1.35\sources\common\lwdiv.c"
 Parameters:    Size  Location     Type
  dividend        2    0[BANK0 ] unsigned int 
  divisor         2    2[BANK0 ] unsigned int 
 Auto vars:     Size  Location     Type
  quotient        2    5[BANK0 ] unsigned int 
  counter         1    4[BANK0 ] unsigned char 
 Return value:  Size  Location     Type
                  2    0[BANK0 ] unsigned int 
 Registers used:
		wreg, status,2, status,0
 Tracked objects:
		On entry : 
		On exit  : 
		Unchanged: 
 Data sizes:     COMRAM   BANK0   BANK1   BANK2
      Params:         0       4       0       0
      Locals:         0       3       0       0
      Temps:          0       0       0       0
      Totals:         0       7       0       0
Total ram usage:        7 bytes
 Hardware stack levels used:    1
 Hardware stack levels required when called:   11
 This function calls:
		Nothing
 This function is called by:
		_sprintf
 This function uses a non-reentrant model


 *************** function _cdcPuts *****************
 Defined at:
		line 122 in file "CDCLib/cdc.c"
 Parameters:    Size  Location     Type
  data            2    9[BANK0 ] PTR unsigned char 
		 -> main@text(256), 
 Auto vars:     Size  Location     Type
		None
 Return value:  Size  Location     Type
		None               void
 Registers used:
		wreg, fsr1l, fsr1h, fsr2l, fsr2h, status,2, status,0, prodl, prodh, cstack
 Tracked objects:
		On entry : 
		On exit  : 
		Unchanged: 
 Data sizes:     COMRAM   BANK0   BANK1   BANK2
      Params:         0       2       0       0
      Locals:         0       0       0       0
      Temps:          0       0       0       0
      Totals:         0       2       0       0
Total ram usage:        2 bytes
 Hardware stack levels used:    1
 Hardware stack levels required when called:   13
 This function calls:
		_CDCTxService
		_putsUSBUSART
 This function is called by:
		_main
 This function uses a non-reentrant model


 *************** function _putsUSBUSART *****************
 Defined at:
		line 629 in file "CDCLib/usb_device_cdc.c"
 Parameters:    Size  Location     Type
  data            2    0[BANK0 ] PTR unsigned char 
		 -> main@text(256), 
 Auto vars:     Size  Location     Type
  pData           2    2[BANK0 ] PTR unsigned char 
		 -> main@text(256), 
  len             1    4[BANK0 ] unsigned char 
 Return value:  Size  Location     Type
		None               void
 Registers used:
		wreg, fsr2l, fsr2h, status,2, status,0
 Tracked objects:
		On entry : 
		On exit  : 
		Unchanged: 
 Data sizes:     COMRAM   BANK0   BANK1   BANK2
      Params:         0       2       0       0
      Locals:         0       3       0       0
      Temps:          0       0       0       0
      Totals:         0       5       0       0
Total ram usage:        5 bytes
 Hardware stack levels used:    1
 Hardware stack levels required when called:   11
 This function calls:
		Nothing
 This function is called by:
		_cdcPuts
 This function uses a non-reentrant model


 *************** function _CDCTxService *****************
 Defined at:
		line 836 in file "CDCLib/usb_device_cdc.c"
 Parameters:    Size  Location     Type
		None
 Auto vars:     Size  Location     Type
  byte_to_send    1    8[BANK0 ] unsigned char 
  i               1    7[BANK0 ] unsigned char 
 Return value:  Size  Location     Type
		None               void
 Registers used:
		wreg, fsr1l, fsr1h, fsr2l, fsr2h, status,2, status,0, prodl, prodh, cstack
 Tracked objects:
		On entry : 
		On exit  : 
		Unchanged: 
 Data sizes:     COMRAM   BANK0   BANK1   BANK2
      Params:         0       0       0       0
      Locals:         0       2       0       0
      Temps:          0       0       0       0
      Totals:         0       2       0       0
Total ram usage:        2 bytes
 Hardware stack levels used:    1
 Hardware stack levels required when called:   12
 This function calls:
		_USBTransferOnePacket
 This function is called by:
		_update
		_cdcPuts
 This function uses a non-reentrant model


 *************** function _cdcGets *****************
 Defined at:
		line 136 in file "CDCLib/cdc.c"
 Parameters:    Size  Location     Type
  data            2   11[BANK0 ] PTR unsigned char 
		 -> main@buff(64), 
  length          2   13[BANK0 ] int 
 Auto vars:     Size  Location     Type
		None
 Return value:  Size  Location     Type
                  2   11[BANK0 ] int 
 Registers used:
		wreg, fsr1l, fsr1h, fsr2l, fsr2h, status,2, status,0, prodl, prodh, cstack
 Tracked objects:
		On entry : 
		On exit  : 
		Unchanged: 
 Data sizes:     COMRAM   BANK0   BANK1   BANK2
      Params:         0       4       0       0
      Locals:         0       0       0       0
      Temps:          0       1       0       0
      Totals:         0       5       0       0
Total ram usage:        5 bytes
 Hardware stack levels used:    1
 Hardware stack levels required when called:   13
 This function calls:
		_getsUSBUSART
 This function is called by:
		_main
 This function uses a non-reentrant model


 *************** function _getsUSBUSART *****************
 Defined at:
		line 485 in file "CDCLib/usb_device_cdc.c"
 Parameters:    Size  Location     Type
  buffer          2    7[BANK0 ] PTR unsigned char 
		 -> main@buff(64), 
  len             1    9[BANK0 ] unsigned char 
 Auto vars:     Size  Location     Type
		None
 Return value:  Size  Location     Type
                  1    wreg      unsigned char 
 Registers used:
		wreg, fsr1l, fsr1h, fsr2l, fsr2h, status,2, status,0, prodl, prodh, cstack
 Tracked objects:
		On entry : 
		On exit  : 
		Unchanged: 
 Data sizes:     COMRAM   BANK0   BANK1   BANK2
      Params:         0       3       0       0
      Locals:         0       0       0       0
      Temps:          0       1       0       0
      Totals:         0       4       0       0
Total ram usage:        4 bytes
 Hardware stack levels used:    1
 Hardware stack levels required when called:   12
 This function calls:
		_USBTransferOnePacket
 This function is called by:
		_cdcGets
 This function uses a non-reentrant model


 *************** function _USBTransferOnePacket *****************
 Defined at:
		line 1013 in file "CDCLib/usb_device.c"
 Parameters:    Size  Location     Type
  ep              1    wreg     unsigned char 
  dir             1    0[BANK0 ] unsigned char 
  data            2    1[BANK0 ] PTR unsigned char 
		 -> cdc_data_tx(64), cdc_data_rx(64), NULL(0), 
  len             1    3[BANK0 ] unsigned char 
 Auto vars:     Size  Location     Type
  ep              1    4[BANK0 ] unsigned char 
  handle          2    5[BANK0 ] PTR volatile struct __BD
		 -> NULL(0), BDT(48), 
 Return value:  Size  Location     Type
                  2    0[BANK0 ] PTR void 
 Registers used:
		wreg, fsr2l, fsr2h, status,2, status,0, prodl, prodh
 Tracked objects:
		On entry : 
		On exit  : 
		Unchanged: 
 Data sizes:     COMRAM   BANK0   BANK1   BANK2
      Params:         0       4       0       0
      Locals:         0       3       0       0
      Temps:          0       0       0       0
      Totals:         0       7       0       0
Total ram usage:        7 bytes
 Hardware stack levels used:    1
 Hardware stack levels required when called:   11
 This function calls:
		Nothing
 This function is called by:
		_getsUSBUSART
		_CDCTxService
		_USBCDCEventHandler
 This function uses a non-reentrant model


 *************** function _SYS_InterruptHigh *****************
 Defined at:
		line 87 in file "CDCLib/system.c"
 Parameters:    Size  Location     Type
		None
 Auto vars:     Size  Location     Type
		None
 Return value:  Size  Location     Type
		None               void
 Registers used:
		wreg, fsr1l, fsr1h, fsr2l, fsr2h, status,2, status,0, tblptrl, tblptrh, tblptru, prodl, prodh, cstack
 Tracked objects:
		On entry : 
		On exit  : 
		Unchanged: 
 Data sizes:     COMRAM   BANK0   BANK1   BANK2
      Params:         0       0       0       0
      Locals:         0       0       0       0
      Temps:         14       0       0       0
      Totals:        14       0       0       0
Total ram usage:       14 bytes
 Hardware stack levels used:    1
 Hardware stack levels required when called:   10
 This function calls:
		_USBDeviceTasks
 This function is called by:
		Interrupt level 2
 This function uses a non-reentrant model


 *************** function _USBDeviceTasks *****************
 Defined at:
		line 495 in file "CDCLib/usb_device.c"
 Parameters:    Size  Location     Type
		None
 Auto vars:     Size  Location     Type
  i               1   27[COMRAM] unsigned char 
 Return value:  Size  Location     Type
		None               void
 Registers used:
		wreg, fsr1l, fsr1h, fsr2l, fsr2h, status,2, status,0, tblptrl, tblptrh, tblptru, prodl, prodh, cstack
 Tracked objects:
		On entry : 
		On exit  : 
		Unchanged: 
 Data sizes:     COMRAM   BANK0   BANK1   BANK2
      Params:         0       0       0       0
      Locals:         1       0       0       0
      Temps:          0       0       0       0
      Totals:         1       0       0       0
Total ram usage:        1 bytes
 Hardware stack levels used:    1
 Hardware stack levels required when called:    9
 This function calls:
		_USBCtrlEPAllowStatusStage
		_USBCtrlEPService
		_USBIncrement1msInternalTimers
		_USBStallHandler
		_USBSuspend
		_USBWakeFromSuspend
		_USER_USB_CALLBACK_EVENT_HANDLER
		i2_USBDeviceInit
 This function is called by:
		_SYS_InterruptHigh
 This function uses a non-reentrant model


 *************** function i2_USBDeviceInit *****************
 Defined at:
		line 295 in file "CDCLib/usb_device.c"
 Parameters:    Size  Location     Type
		None
 Auto vars:     Size  Location     Type
  USBDeviceIni    1    8[COMRAM] unsigned char 
 Return value:  Size  Location     Type
		None               void
 Registers used:
		wreg, fsr2l, fsr2h, status,2, status,0, prodl, prodh, cstack
 Tracked objects:
		On entry : 
		On exit  : 
		Unchanged: 
 Data sizes:     COMRAM   BANK0   BANK1   BANK2
      Params:         0       0       0       0
      Locals:         1       0       0       0
      Temps:          0       0       0       0
      Totals:         1       0       0       0
Total ram usage:        1 bytes
 Hardware stack levels used:    1
 Hardware stack levels required when called:    1
 This function calls:
		i2_memset
 This function is called by:
		_USBDeviceTasks
 This function uses a non-reentrant model


 *************** function _USBWakeFromSuspend *****************
 Defined at:
		line 2321 in file "CDCLib/usb_device.c"
 Parameters:    Size  Location     Type
		None
 Auto vars:     Size  Location     Type
		None
 Return value:  Size  Location     Type
		None               void
 Registers used:
		wreg, fsr2l, fsr2h, status,2, status,0, prodl, prodh, cstack
 Tracked objects:
		On entry : 
		On exit  : 
		Unchanged: 
 Data sizes:     COMRAM   BANK0   BANK1   BANK2
      Params:         0       0       0       0
      Locals:         0       0       0       0
      Temps:          0       0       0       0
      Totals:         0       0       0       0
Total ram usage:        0 bytes
 Hardware stack levels used:    1
 Hardware stack levels required when called:    5
 This function calls:
		_USER_USB_CALLBACK_EVENT_HANDLER
 This function is called by:
		_USBDeviceTasks
 This function uses a non-reentrant model


 *************** function _USBSuspend *****************
 Defined at:
		line 2263 in file "CDCLib/usb_device.c"
 Parameters:    Size  Location     Type
		None
 Auto vars:     Size  Location     Type
		None
 Return value:  Size  Location     Type
		None               void
 Registers used:
		wreg, fsr2l, fsr2h, status,2, status,0, prodl, prodh, cstack
 Tracked objects:
		On entry : 
		On exit  : 
		Unchanged: 
 Data sizes:     COMRAM   BANK0   BANK1   BANK2
      Params:         0       0       0       0
      Locals:         0       0       0       0
      Temps:          0       0       0       0
      Totals:         0       0       0       0
Total ram usage:        0 bytes
 Hardware stack levels used:    1
 Hardware stack levels required when called:    5
 This function calls:
		_USER_USB_CALLBACK_EVENT_HANDLER
 This function is called by:
		_USBDeviceTasks
 This function uses a non-reentrant model


 *************** function _USBStallHandler *****************
 Defined at:
		line 2220 in file "CDCLib/usb_device.c"
 Parameters:    Size  Location     Type
		None
 Auto vars:     Size  Location     Type
		None
 Return value:  Size  Location     Type
		None               void
 Registers used:
		wreg, fsr2l, fsr2h, status,2, status,0
 Tracked objects:
		On entry : 
		On exit  : 
		Unchanged: 
 Data sizes:     COMRAM   BANK0   BANK1   BANK2
      Params:         0       0       0       0
      Locals:         0       0       0       0
      Temps:          1       0       0       0
      Totals:         1       0       0       0
Total ram usage:        1 bytes
 Hardware stack levels used:    1
 This function calls:
		Nothing
 This function is called by:
		_USBDeviceTasks
 This function uses a non-reentrant model


 *************** function _USBIncrement1msInternalTimers *****************
 Defined at:
		line 3042 in file "CDCLib/usb_device.c"
 Parameters:    Size  Location     Type
		None
 Auto vars:     Size  Location     Type
		None
 Return value:  Size  Location     Type
		None               void
 Registers used:
		wreg, status,2, status,0
 Tracked objects:
		On entry : 
		On exit  : 
		Unchanged: 
 Data sizes:     COMRAM   BANK0   BANK1   BANK2
      Params:         0       0       0       0
      Locals:         0       0       0       0
      Temps:          0       0       0       0
      Totals:         0       0       0       0
Total ram usage:        0 bytes
 Hardware stack levels used:    1
 This function calls:
		Nothing
 This function is called by:
		_USBDeviceTasks
 This function uses a non-reentrant model


 *************** function _USBCtrlEPService *****************
 Defined at:
		line 2390 in file "CDCLib/usb_device.c"
 Parameters:    Size  Location     Type
		None
 Auto vars:     Size  Location     Type
		None
 Return value:  Size  Location     Type
		None               void
 Registers used:
		wreg, fsr1l, fsr1h, fsr2l, fsr2h, status,2, status,0, tblptrl, tblptrh, tblptru, prodl, prodh, cstack
 Tracked objects:
		On entry : 
		On exit  : 
		Unchanged: 
 Data sizes:     COMRAM   BANK0   BANK1   BANK2
      Params:         0       0       0       0
      Locals:         0       0       0       0
      Temps:          1       0       0       0
      Totals:         1       0       0       0
Total ram usage:        1 bytes
 Hardware stack levels used:    1
 Hardware stack levels required when called:    8
 This function calls:
		_USBCtrlTrfInHandler
		_USBCtrlTrfOutHandler
		_USBCtrlTrfSetupHandler
		_memcpy
 This function is called by:
		_USBDeviceTasks
 This function uses a non-reentrant model


 *************** function _memcpy *****************
 Defined at:
		line 11 in file "C:\Program Files (x86)\Microchip\xc8\v1.35\sources\common\memcpy.c"
 Parameters:    Size  Location     Type
  d1              2    0[COMRAM] PTR void 
		 -> SetupPkt(8), 
  s1              2    2[COMRAM] PTR const void 
		 -> cdc_data_tx(64), cdc_data_rx(64), RAM(767), CtrlTrfData(8), 
		 -> SetupPkt(8), NULL(0), 
  n               2    4[COMRAM] unsigned int 
 Auto vars:     Size  Location     Type
  s               2    8[COMRAM] PTR const unsigned char 
		 -> cdc_data_tx(64), cdc_data_rx(64), RAM(767), CtrlTrfData(8), 
		 -> SetupPkt(8), NULL(0), 
  d               2    6[COMRAM] PTR unsigned char 
		 -> SetupPkt(8), 
 Return value:  Size  Location     Type
                  2    0[COMRAM] PTR void 
 Registers used:
		wreg, fsr1l, fsr1h, fsr2l, fsr2h, status,2, status,0
 Tracked objects:
		On entry : 
		On exit  : 
		Unchanged: 
 Data sizes:     COMRAM   BANK0   BANK1   BANK2
      Params:         6       0       0       0
      Locals:         4       0       0       0
      Temps:          0       0       0       0
      Totals:        10       0       0       0
Total ram usage:       10 bytes
 Hardware stack levels used:    1
 This function calls:
		Nothing
 This function is called by:
		_USBCtrlEPService
 This function uses a non-reentrant model


 *************** function _USBCtrlTrfSetupHandler *****************
 Defined at:
		line 2483 in file "CDCLib/usb_device.c"
 Parameters:    Size  Location     Type
		None
 Auto vars:     Size  Location     Type
		None
 Return value:  Size  Location     Type
		None               void
 Registers used:
		wreg, fsr1l, fsr1h, fsr2l, fsr2h, status,2, status,0, tblptrl, tblptrh, tblptru, prodl, prodh, cstack
 Tracked objects:
		On entry : 
		On exit  : 
		Unchanged: 
 Data sizes:     COMRAM   BANK0   BANK1   BANK2
      Params:         0       0       0       0
      Locals:         0       0       0       0
      Temps:          0       0       0       0
      Totals:         0       0       0       0
Total ram usage:        0 bytes
 Hardware stack levels used:    1
 Hardware stack levels required when called:    7
 This function calls:
		_USBCheckStdRequest
		_USBCtrlEPServiceComplete
		_USER_USB_CALLBACK_EVENT_HANDLER
 This function is called by:
		_USBCtrlEPService
 This function uses a non-reentrant model


 *************** function _USBCtrlEPServiceComplete *****************
 Defined at:
[...]
		_USBStdSetCfgHandler
		i2_USBDeviceInit
 This function uses a non-reentrant model


 *************** function _USBStdGetStatusHandler *****************
 Defined at:
		line 2147 in file "CDCLib/usb_device.c"
 Parameters:    Size  Location     Type
		None
 Auto vars:     Size  Location     Type
  p               2    1[COMRAM] PTR struct __BDT
		 -> NULL(0), BDT(48), 
 Return value:  Size  Location     Type
		None               void
 Registers used:
		wreg, fsr2l, fsr2h, status,2, status,0, prodl, prodh
 Tracked objects:
		On entry : 
		On exit  : 
		Unchanged: 
 Data sizes:     COMRAM   BANK0   BANK1   BANK2
      Params:         0       0       0       0
      Locals:         2       0       0       0
      Temps:          1       0       0       0
      Totals:         3       0       0       0
Total ram usage:        3 bytes
 Hardware stack levels used:    1
 This function calls:
		Nothing
 This function is called by:
		_USBCheckStdRequest
 This function uses a non-reentrant model


 *************** function _USBStdGetDscHandler *****************
 Defined at:
		line 2061 in file "CDCLib/usb_device.c"
 Parameters:    Size  Location     Type
		None
 Auto vars:     Size  Location     Type
		None
 Return value:  Size  Location     Type
		None               void
 Registers used:
		wreg, fsr1l, fsr1h, status,2, status,0, tblptrl, tblptrh, tblptru, prodl, prodh
 Tracked objects:
		On entry : 
		On exit  : 
		Unchanged: 
 Data sizes:     COMRAM   BANK0   BANK1   BANK2
      Params:         0       0       0       0
      Locals:         0       0       0       0
      Temps:          2       0       0       0
      Totals:         2       0       0       0
Total ram usage:        2 bytes
 Hardware stack levels used:    1
 This function calls:
		Nothing
 This function is called by:
		_USBCheckStdRequest
 This function uses a non-reentrant model


 *************** function _USBStdFeatureReqHandler *****************
 Defined at:
		line 2771 in file "CDCLib/usb_device.c"
 Parameters:    Size  Location     Type
		None
 Auto vars:     Size  Location     Type
  p               2   24[COMRAM] PTR struct __BDT
		 -> NULL(0), BDT(48), 
  pUEP            2   21[COMRAM] PTR unsigned char 
		 -> UEP0(1), 
  current_ep_d    1   23[COMRAM] struct .
 Return value:  Size  Location     Type
		None               void
 Registers used:
		wreg, fsr2l, fsr2h, status,2, status,0, prodl, prodh, cstack
 Tracked objects:
		On entry : 
		On exit  : 
		Unchanged: 
 Data sizes:     COMRAM   BANK0   BANK1   BANK2
      Params:         0       0       0       0
      Locals:         5       0       0       0
      Temps:          1       0       0       0
      Totals:         6       0       0       0
Total ram usage:        6 bytes
 Hardware stack levels used:    1
 Hardware stack levels required when called:    5
 This function calls:
		_USER_USB_CALLBACK_EVENT_HANDLER
 This function is called by:
		_USBCheckStdRequest
 This function uses a non-reentrant model


 *************** function _USER_USB_CALLBACK_EVENT_HANDLER *****************
 Defined at:
		line 55 in file "CDCLib/cdc.c"
 Parameters:    Size  Location     Type
  event           2   12[COMRAM] enum E3798
  pdata           2   14[COMRAM] PTR void 
		 -> USTATcopy(1), USBActiveConfiguration(1), NULL(0), BDT(48), 
  size            2   16[COMRAM] unsigned int 
 Auto vars:     Size  Location     Type
		None
 Return value:  Size  Location     Type
                  1    wreg      unsigned char 
 Registers used:
		wreg, fsr2l, fsr2h, status,2, status,0, prodl, prodh, cstack
 Tracked objects:
		On entry : 
		On exit  : 
		Unchanged: 
 Data sizes:     COMRAM   BANK0   BANK1   BANK2
      Params:         6       0       0       0
      Locals:         0       0       0       0
      Temps:          2       0       0       0
      Totals:         8       0       0       0
Total ram usage:        8 bytes
 Hardware stack levels used:    1
 Hardware stack levels required when called:    4
 This function calls:
		_USBCheckCDCRequest
		_cdcInit
		i2_SYSTEM_Initialize
 This function is called by:
		_USBDeviceTasks
		_USBStdSetCfgHandler
		_USBSuspend
		_USBWakeFromSuspend
		_USBCtrlTrfSetupHandler
		_USBCheckStdRequest
		_USBStdFeatureReqHandler
 This function uses a non-reentrant model


 *************** function i2_SYSTEM_Initialize *****************
 Defined at:
		line 69 in file "CDCLib/system.c"
 Parameters:    Size  Location     Type
  state           1    wreg     enum E3753
 Auto vars:     Size  Location     Type
  state           1    0[COMRAM] enum E3753
 Return value:  Size  Location     Type
		None               void
 Registers used:
		wreg, status,2, status,0
 Tracked objects:
		On entry : 
		On exit  : 
		Unchanged: 
 Data sizes:     COMRAM   BANK0   BANK1   BANK2
      Params:         0       0       0       0
      Locals:         1       0       0       0
      Temps:          0       0       0       0
      Totals:         1       0       0       0
Total ram usage:        1 bytes
 Hardware stack levels used:    1
 This function calls:
		Nothing
 This function is called by:
		_USER_USB_CALLBACK_EVENT_HANDLER
 This function uses a non-reentrant model


 *************** function _cdcInit *****************
 Defined at:
		line 3 in file "CDCLib/cdc.c"
 Parameters:    Size  Location     Type
		None
 Auto vars:     Size  Location     Type
		None
 Return value:  Size  Location     Type
		None               void
 Registers used:
		wreg, fsr2l, fsr2h, status,2, status,0, prodl, prodh, cstack
 Tracked objects:
		On entry : 
		On exit  : 
		Unchanged: 
 Data sizes:     COMRAM   BANK0   BANK1   BANK2
      Params:         0       0       0       0
      Locals:         0       0       0       0
      Temps:          0       0       0       0
      Totals:         0       0       0       0
Total ram usage:        0 bytes
 Hardware stack levels used:    1
 Hardware stack levels required when called:    3
 This function calls:
		_CDCInitEP
 This function is called by:
		_USER_USB_CALLBACK_EVENT_HANDLER
 This function uses a non-reentrant model


 *************** function _CDCInitEP *****************
 Defined at:
		line 294 in file "CDCLib/usb_device_cdc.c"
 Parameters:    Size  Location     Type
		None
 Auto vars:     Size  Location     Type
		None
 Return value:  Size  Location     Type
		None               void
 Registers used:
		wreg, fsr2l, fsr2h, status,2, status,0, prodl, prodh, cstack
 Tracked objects:
		On entry : 
		On exit  : 
		Unchanged: 
 Data sizes:     COMRAM   BANK0   BANK1   BANK2
      Params:         0       0       0       0
      Locals:         0       0       0       0
      Temps:          0       0       0       0
      Totals:         0       0       0       0
Total ram usage:        0 bytes
 Hardware stack levels used:    1
 Hardware stack levels required when called:    2
 This function calls:
		_USBEnableEndpoint
		i2_USBTransferOnePacket
 This function is called by:
		_cdcInit
 This function uses a non-reentrant model


 *************** function i2_USBTransferOnePacket *****************
 Defined at:
		line 1013 in file "CDCLib/usb_device.c"
 Parameters:    Size  Location     Type
  ep              1    wreg     unsigned char 
  dir             1    0[COMRAM] unsigned char 
  data            2    1[COMRAM] PTR unsigned char 
		 -> cdc_data_tx(64), cdc_data_rx(64), NULL(0), 
  len             1    3[COMRAM] unsigned char 
 Auto vars:     Size  Location     Type
  ep              1    4[COMRAM] unsigned char 
  USBTransferO    2    5[COMRAM] PTR volatile struct __BD
		 -> NULL(0), BDT(48), 
 Return value:  Size  Location     Type
                  2    0[COMRAM] PTR void 
 Registers used:
		wreg, fsr2l, fsr2h, status,2, status,0, prodl, prodh
 Tracked objects:
		On entry : 
		On exit  : 
		Unchanged: 
 Data sizes:     COMRAM   BANK0   BANK1   BANK2
      Params:         4       0       0       0
      Locals:         3       0       0       0
      Temps:          0       0       0       0
      Totals:         7       0       0       0
Total ram usage:        7 bytes
 Hardware stack levels used:    1
 This function calls:
		Nothing
 This function is called by:
		_CDCInitEP
 This function uses a non-reentrant model


 *************** function _USBEnableEndpoint *****************
 Defined at:
		line 896 in file "CDCLib/usb_device.c"
 Parameters:    Size  Location     Type
  ep              1    wreg     unsigned char 
  options         1    8[COMRAM] unsigned char 
 Auto vars:     Size  Location     Type
  ep              1   11[COMRAM] unsigned char 
  p               2    9[COMRAM] PTR unsigned char 
		 -> UEP0(1), 
 Return value:  Size  Location     Type
		None               void
 Registers used:
		wreg, fsr2l, fsr2h, status,2, status,0, prodl, prodh, cstack
 Tracked objects:
		On entry : 
		On exit  : 
		Unchanged: 
 Data sizes:     COMRAM   BANK0   BANK1   BANK2
      Params:         1       0       0       0
      Locals:         3       0       0       0
      Temps:          0       0       0       0
      Totals:         4       0       0       0
Total ram usage:        4 bytes
 Hardware stack levels used:    1
 Hardware stack levels required when called:    1
 This function calls:
		_USBConfigureEndpoint
 This function is called by:
		_CDCInitEP
 This function uses a non-reentrant model


 *************** function _USBConfigureEndpoint *****************
 Defined at:
		line 1561 in file "CDCLib/usb_device.c"
 Parameters:    Size  Location     Type
  EPNum           1    wreg     unsigned char 
  direction       1    0[COMRAM] unsigned char 
 Auto vars:     Size  Location     Type
  EPNum           1    5[COMRAM] unsigned char 
  handle          2    6[COMRAM] PTR volatile struct __BD
		 -> BDT(48), 
 Return value:  Size  Location     Type
		None               void
 Registers used:
		wreg, fsr2l, fsr2h, status,2, status,0, prodl, prodh
 Tracked objects:
		On entry : 
		On exit  : 
		Unchanged: 
 Data sizes:     COMRAM   BANK0   BANK1   BANK2
      Params:         1       0       0       0
      Locals:         3       0       0       0
      Temps:          4       0       0       0
      Totals:         8       0       0       0
Total ram usage:        8 bytes
 Hardware stack levels used:    1
 This function calls:
		Nothing
 This function is called by:
		_USBEnableEndpoint
 This function uses a non-reentrant model


 *************** function _USBCheckCDCRequest *****************
 Defined at:
		line 147 in file "CDCLib/usb_device_cdc.c"
 Parameters:    Size  Location     Type
		None
 Auto vars:     Size  Location     Type
		None
 Return value:  Size  Location     Type
		None               void
 Registers used:
		wreg, status,2, status,0
 Tracked objects:
		On entry : 
		On exit  : 
		Unchanged: 
 Data sizes:     COMRAM   BANK0   BANK1   BANK2
      Params:         0       0       0       0
      Locals:         0       0       0       0
      Temps:          0       0       0       0
      Totals:         0       0       0       0
Total ram usage:        0 bytes
 Hardware stack levels used:    1
 This function calls:
		Nothing
 This function is called by:
		_USER_USB_CALLBACK_EVENT_HANDLER
 This function uses a non-reentrant model


 *************** function _USBCtrlTrfOutHandler *****************
 Defined at:
		line 2555 in file "CDCLib/usb_device.c"
 Parameters:    Size  Location     Type
		None
 Auto vars:     Size  Location     Type
		None
 Return value:  Size  Location     Type
		None               void
 Registers used:
		wreg, fsr1l, fsr1h, fsr2l, fsr2h, status,2, status,0, prodl, prodh, cstack
 Tracked objects:
		On entry : 
		On exit  : 
		Unchanged: 
 Data sizes:     COMRAM   BANK0   BANK1   BANK2
      Params:         0       0       0       0
      Locals:         0       0       0       0
      Temps:          0       0       0       0
      Totals:         0       0       0       0
Total ram usage:        0 bytes
 Hardware stack levels used:    1
 Hardware stack levels required when called:    2
 This function calls:
		_USBCtrlTrfRxService
 This function is called by:
		_USBCtrlEPService
 This function uses a non-reentrant model


 *************** function _USBCtrlTrfRxService *****************
 Defined at:
		line 1870 in file "CDCLib/usb_device.c"
 Parameters:    Size  Location     Type
		None
 Auto vars:     Size  Location     Type
  byteToRead      1    1[COMRAM] unsigned char 
  i               1    0[COMRAM] unsigned char 
 Return value:  Size  Location     Type
		None               void
 Registers used:
		wreg, fsr1l, fsr1h, fsr2l, fsr2h, status,2, status,0, prodl, prodh, cstack
 Tracked objects:
		On entry : 
		On exit  : 
		Unchanged: 
 Data sizes:     COMRAM   BANK0   BANK1   BANK2
      Params:         0       0       0       0
      Locals:         2       0       0       0
      Temps:          0       0       0       0
      Totals:         2       0       0       0
Total ram usage:        2 bytes
 Hardware stack levels used:    1
 Hardware stack levels required when called:    1
 This function calls:
		_USBCtrlEPAllowStatusStage
 This function is called by:
		_USBCtrlTrfOutHandler
 This function uses a non-reentrant model


 *************** function _USBCtrlEPAllowStatusStage *****************
 Defined at:
		line 1434 in file "CDCLib/usb_device.c"
 Parameters:    Size  Location     Type
		None
 Auto vars:     Size  Location     Type
		None
 Return value:  Size  Location     Type
		None               void
 Registers used:
		wreg, fsr2l, fsr2h, status,2, status,0
 Tracked objects:
		On entry : 
		On exit  : 
		Unchanged: 
 Data sizes:     COMRAM   BANK0   BANK1   BANK2
      Params:         0       0       0       0
      Locals:         0       0       0       0
      Temps:          0       0       0       0
      Totals:         0       0       0       0
Total ram usage:        0 bytes
 Hardware stack levels used:    1
 This function calls:
		Nothing
 This function is called by:
		_USBDeviceTasks
		_USBCtrlEPServiceComplete
		_USBCtrlTrfRxService
 This function uses a non-reentrant model


 *************** function _USBCtrlTrfInHandler *****************
 Defined at:
		line 2609 in file "CDCLib/usb_device.c"
 Parameters:    Size  Location     Type
		None
 Auto vars:     Size  Location     Type
  lastDTS         1    1[COMRAM] unsigned char 
 Return value:  Size  Location     Type
		None               void
 Registers used:
		wreg, fsr1l, fsr1h, fsr2l, fsr2h, status,2, status,0, tblptrl, tblptrh, tblptru, cstack
 Tracked objects:
		On entry : 
		On exit  : 
		Unchanged: 
 Data sizes:     COMRAM   BANK0   BANK1   BANK2
      Params:         0       0       0       0
      Locals:         1       0       0       0
      Temps:          0       0       0       0
      Totals:         1       0       0       0
Total ram usage:        1 bytes
 Hardware stack levels used:    1
 Hardware stack levels required when called:    1
 This function calls:
		_USBCtrlTrfTxService
 This function is called by:
		_USBCtrlEPService
 This function uses a non-reentrant model


 *************** function _USBCtrlTrfTxService *****************
 Defined at:
		line 1789 in file "CDCLib/usb_device.c"
 Parameters:    Size  Location     Type
		None
 Auto vars:     Size  Location     Type
  byteToSend      1    0[COMRAM] unsigned char 
 Return value:  Size  Location     Type
		None               void
 Registers used:
		wreg, fsr1l, fsr1h, fsr2l, fsr2h, status,2, status,0, tblptrl, tblptrh, tblptru
 Tracked objects:
		On entry : 
		On exit  : 
		Unchanged: 
 Data sizes:     COMRAM   BANK0   BANK1   BANK2
      Params:         0       0       0       0
      Locals:         1       0       0       0
      Temps:          0       0       0       0
      Totals:         1       0       0       0
Total ram usage:        1 bytes
 Hardware stack levels used:    1
 This function calls:
		Nothing
 This function is called by:
		_USBCtrlEPAllowDataStage
		_USBCtrlTrfInHandler
 This function uses a non-reentrant model



MODULE INFORMATION

Module		Function		Class		Link	Load	Size
CDCLib/usb_device_cdc.c
		_CDCTxService  		CODE           	0B3E	0000	325
		_CDCInitEP     		CODE           	1C1C	0000	109
		_putsUSBUSART  		CODE           	1D46	0000	85
		_getsUSBUSART  		CODE           	17BA	0000	165
		_USBCheckCDCRequest		CODE           	1664	0000	173

CDCLib/usb_device_cdc.c estimated size: 857

C:\Program Files (x86)\Microchip\xc8\v1.35\sources\common\memset.c
		_memset        		CODE           	1E5C	0000	53

C:\Program Files (x86)\Microchip\xc8\v1.35\sources\common\memset.c estimated size: 53

CDCLib/system.c
		_SYS_InterruptHigh		CODE           	0008	0000	123
		_SYSTEM_Initialize		CODE           	2014	0000	25

CDCLib/system.c estimated size: 148

C:\Program Files (x86)\Microchip\xc8\v1.35\sources\common\lwmod.c
		___lwmod       		CODE           	1C88	0000	99

C:\Program Files (x86)\Microchip\xc8\v1.35\sources\common\lwmod.c estimated size: 99

CDCLib/usb_device.c
		_USBCtrlTrfInHandler		CODE           	15AA	0000	187
		_USBTransferOnePacket		CODE           	1288	0000	217
		_USBDeviceAttach		CODE           	1EC4	0000	51
		_USBStdGetDscHandler		CODE           	0DB2	0000	289
		_USBCtrlEPAllowDataStage		CODE           	185E	0000	157
		_USBStdFeatureReqHandler		CODE           	03E4	0000	641
		_USBCtrlEPAllowStatusStage		CODE           	142E	0000	195
		_USBCtrlTrfSetupHandler		CODE           	1AAE	0000	135
		_USBCtrlTrfOutHandler		CODE           	1CEA	0000	93
		_USBCtrlEPServiceComplete		CODE           	0FDE	0000	245
		_USBSuspend    		CODE           	1F28	0000	47
		_USBStdSetCfgHandler		CODE           	10D2	0000	221
		_USBStdGetStatusHandler		CODE           	1710	0000	171
		_USBWakeFromSuspend		CODE           	1E90	0000	53
		_USBCtrlTrfRxService		CODE           	0ED2	0000	269
		_USBCtrlTrfTxService		CODE           	1360	0000	207
		_USBEnableEndpoint		CODE           	1E20	0000	61
		_USBConfigureEndpoint		CODE           	18FA	0000	149
		_USBDeviceInit 		CODE           	0880	0000	367
		_USBIncrement1msInternalTimers		CODE           	1FD2	0000	39
		_USBCtrlEPService		CODE           	1A1E	0000	145
		_USBStallHandler		CODE           	1D9A	0000	71
		_USBDeviceTasks		CODE           	0C82	0000	305
		_USBCheckStdRequest		CODE           	11AE	0000	219

CDCLib/usb_device.c estimated size: 4534

C:\Program Files (x86)\Microchip\xc8\v1.35\sources\common\doprnt.c
		_sprintf       		CODE           	0664	0000	541

C:\Program Files (x86)\Microchip\xc8\v1.35\sources\common\doprnt.c estimated size: 541

shared
		_configDescriptor1		SMALLCONST     	0313	0000	68
		_USB_CD_Ptr    		SMALLCONST     	0311	0000	3
		_sd001         		SMALLCONST     	0356	0000	53
		_sd002         		SMALLCONST     	038A	0000	53
		_dpowers       		SMALLCONST     	0301	0000	11
		i2_USBDeviceInit		CODE           	09EE	0000	337
		__initialization		CODE           	1FAC	0000	25
		_device_dsc    		SMALLCONST     	03BE	0000	19
		i2_SYSTEM_Initialize		CODE           	2044	0000	21
		_USB_SD_Ptr    		SMALLCONST     	030B	0000	7
		i2_memset      		CODE           	1F56	0000	45
		_sd000         		SMALLCONST     	03D0	0000	5
		i2_USBTransferOnePacket		CODE           	14F0	0000	187

shared estimated size: 834

C:\Program Files (x86)\Microchip\xc8\v1.35\sources\common\memcpy.c
		_memcpy        		CODE           	1DE0	0000	65

C:\Program Files (x86)\Microchip\xc8\v1.35\sources\common\memcpy.c estimated size: 65

C:\Program Files (x86)\Microchip\xc8\v1.35\sources\common\lwdiv.c
		___lwdiv       		CODE           	1B34	0000	121

C:\Program Files (x86)\Microchip\xc8\v1.35\sources\common\lwdiv.c estimated size: 121

CDCLib/cdc.c
		_cdcGets       		CODE           	1EF6	0000	51
		_update        		CODE           	1FF8	0000	29
		_USER_USB_CALLBACK_EVENT_HANDLER		CODE           	1BAC	0000	113
		_cdcPuts       		CODE           	202C	0000	25
		_cdcInit       		CODE           	1F82	0000	43
		_systemInit    		CODE           	2058	0000	17

CDCLib/cdc.c estimated size: 278

main.c
		_main          		CODE           	198E	0000	145

main.c estimated size: 145

